Drawable.hpp:132:23:virtual touchgfx::Drawable* touchgfx::Drawable::getFirstChild()	0	static
Drawable.hpp:298:18:virtual void touchgfx::Drawable::setX(int16_t)	0	static
Drawable.hpp:310:18:virtual void touchgfx::Drawable::setY(int16_t)	0	static
Drawable.hpp:339:18:virtual void touchgfx::Drawable::setWidth(int16_t)	0	static
Drawable.hpp:351:18:virtual void touchgfx::Drawable::setHeight(int16_t)	0	static
Drawable.hpp:361:18:virtual void touchgfx::Drawable::childGeometryChanged()	0	static
Drawable.hpp:372:18:virtual void touchgfx::Drawable::handleClickEvent(const touchgfx::ClickEvent&)	0	static
Drawable.hpp:383:18:virtual void touchgfx::Drawable::handleGestureEvent(const touchgfx::GestureEvent&)	0	static
Drawable.hpp:471:18:virtual void touchgfx::Drawable::handleDragEvent(const touchgfx::DragEvent&)	0	static
Drawable.hpp:481:18:virtual void touchgfx::Drawable::handleTickEvent()	0	static
Drawable.hpp:568:18:virtual void touchgfx::Drawable::moveTo(int16_t, int16_t)	4	static
Drawable.hpp:683:18:virtual void touchgfx::Drawable::setupDrawChain(const touchgfx::Rect&, touchgfx::Drawable**)	0	static
Screen.hpp:93:18:virtual void touchgfx::Screen::setupScreen()	0	static
Screen.hpp:104:18:virtual void touchgfx::Screen::afterTransition()	0	static
Screen.hpp:115:18:virtual void touchgfx::Screen::tearDownScreen()	0	static
Screen.hpp:144:18:virtual void touchgfx::Screen::handleTickEvent()	0	static
Screen.hpp:154:18:virtual void touchgfx::Screen::handleKeyEvent(uint8_t)	0	static
Widget.hpp:47:18:virtual void touchgfx::Widget::getLastChild(int16_t, int16_t, touchgfx::Drawable**)	0	static
View.hpp:36:7:touchgfx::View<DicePresenter>::~View()	0	static
DiceViewBase.cpp:76:6:void DiceViewBase::scaleSliderNewScaleValueCallbackHandler(int)	0	static
DiceViewBase.cpp:84:6:void DiceViewBase::animationsAnimationButtonPressedCallbackHandler(bool)	0	static
DiceViewBase.cpp:92:6:void DiceViewBase::cubeLeftRightButtonsLeftPressedCallbackHandler()	0	static
DiceViewBase.cpp:100:6:void DiceViewBase::cubeLeftRightButtonsRightPressedCallbackHandler()	0	static
DiceViewBase.cpp:108:6:void DiceViewBase::cubeUpDownButtonsUpPressedCallbackHandler()	0	static
DiceViewBase.cpp:116:6:void DiceViewBase::cubeUpDownButtonsDownPressedCallbackHandler()	0	static
DiceViewBase.cpp:124:6:void DiceViewBase::advanceDiceExitAnimationEndedCallbackHandler()	0	static
DiceViewBase.cpp:132:6:void DiceViewBase::advanceDiceEnterAnimationEndedCallbackHandler()	0	static
DiceViewBase.cpp:140:6:void DiceViewBase::advanceDiceAnimationDoneCallbackHandler()	0	static
DiceViewBase.cpp:148:6:void DiceViewBase::simpleDiceAnimationDoneCallbackHandler()	0	static
DiceViewBase.cpp:156:6:void DiceViewBase::topBarChromArtPressedCallbackHandler(bool)	0	static
DiceViewBase.cpp:164:6:virtual void DiceViewBase::scaleSliderChanged(int)	0	static
DiceViewBase.cpp:169:6:virtual void DiceViewBase::animationComplexTionChanged(bool)	0	static
DiceViewBase.cpp:174:6:virtual void DiceViewBase::leftPressed()	0	static
Callback.hpp:424:8:touchgfx::Callback<DiceViewBase>::~Callback()	0	static
Callback.hpp:357:8:touchgfx::Callback<DiceViewBase, bool>::~Callback()	0	static
Callback.hpp:357:8:touchgfx::Callback<DiceViewBase, int>::~Callback()	0	static
Callback.hpp:449:18:void touchgfx::Callback<dest_type, void, void, void>::execute() [with dest_type = DiceViewBase]	4	static
Callback.hpp:459:18:bool touchgfx::Callback<dest_type, void, void, void>::isValid() const [with dest_type = DiceViewBase]	0	static
Callback.hpp:386:18:void touchgfx::Callback<dest_type, T1, void, void>::execute(T1) [with dest_type = DiceViewBase; T1 = bool]	8	static
Callback.hpp:396:18:bool touchgfx::Callback<dest_type, T1, void, void>::isValid() const [with dest_type = DiceViewBase; T1 = bool]	0	static
Callback.hpp:386:18:void touchgfx::Callback<dest_type, T1, void, void>::execute(T1) [with dest_type = DiceViewBase; T1 = int]	8	static
Callback.hpp:396:18:bool touchgfx::Callback<dest_type, T1, void, void>::isValid() const [with dest_type = DiceViewBase; T1 = int]	0	static
Callback.hpp:424:8:virtual touchgfx::Callback<DiceViewBase>::~Callback()	8	static
View.hpp:36:7:virtual touchgfx::View<DicePresenter>::~View()	8	static
Callback.hpp:357:8:virtual touchgfx::Callback<DiceViewBase, int>::~Callback()	8	static
Callback.hpp:357:8:virtual touchgfx::Callback<DiceViewBase, bool>::~Callback()	8	static
DiceViewBase.cpp:65:6:virtual void DiceViewBase::setupScreen()	8	static
Drawable.hpp:326:10:void touchgfx::Drawable::setXY(int16_t, int16_t)	16	static
AdvacneDiceContainer.hpp:11:13:AdvacneDiceContainer::~AdvacneDiceContainer()	16	static
DiceViewBase.hpp:24:13:DiceViewBase::~DiceViewBase()	8	static
DiceViewBase.hpp:24:13:virtual DiceViewBase::~DiceViewBase()	8	static
AdvacneDiceContainer.hpp:11:13:virtual AdvacneDiceContainer::~AdvacneDiceContainer()	8	static
DiceViewBase.cpp:8:1:DiceViewBase::DiceViewBase()	64	static
