stm32h7xx_hal_msp.c:64:6:HAL_MspInit	16	static
stm32h7xx_hal_msp.c:87:6:HAL_CRC_MspInit	8	static
stm32h7xx_hal_msp.c:109:6:HAL_CRC_MspDeInit	0	static
stm32h7xx_hal_msp.c:131:6:HAL_DMA2D_MspInit	16	static
stm32h7xx_hal_msp.c:156:6:HAL_DMA2D_MspDeInit	8	static
stm32h7xx_hal_msp.c:181:6:HAL_I2C_MspInit	224	static
stm32h7xx_hal_msp.c:226:6:HAL_I2C_MspDeInit	8	static
stm32h7xx_hal_msp.c:257:6:HAL_LTDC_MspInit	240	static
stm32h7xx_hal_msp.c:359:6:HAL_LTDC_MspDeInit	8	static
stm32h7xx_hal_msp.c:424:6:HAL_QSPI_MspInit	248	static
stm32h7xx_hal_msp.c:489:6:HAL_QSPI_MspDeInit	8	static
stm32h7xx_hal_msp.c:525:6:HAL_UART_MspInit	240	static
stm32h7xx_hal_msp.c:579:6:HAL_UART_MspDeInit	8	static
stm32h7xx_hal_msp.c:730:6:HAL_SDRAM_MspInit	240	static
stm32h7xx_hal_msp.c:817:6:HAL_SDRAM_MspDeInit	8	static
