Screen.hpp:104:18:virtual void touchgfx::Screen::afterTransition()	0	static
Screen.hpp:154:18:virtual void touchgfx::Screen::handleKeyEvent(uint8_t)	0	static
Screen1View.hpp:12:13:Screen1View::~Screen1View()	0	static
Screen1View.cpp:13:6:virtual void Screen1View::tearDownScreen()	0	static
Screen1View.cpp:8:6:virtual void Screen1View::setupScreen()	8	static
Screen1View.cpp:18:6:virtual void Screen1View::handleTickEvent()	80	static
Screen1View.hpp:12:13:virtual Screen1View::~Screen1View()	8	static
Screen1View.cpp:3:1:Screen1View::Screen1View()	8	static
