Screen.hpp:104:18:virtual void touchgfx::Screen::afterTransition()	0	static
Screen.hpp:144:18:virtual void touchgfx::Screen::handleTickEvent()	0	static
Screen.hpp:154:18:virtual void touchgfx::Screen::handleKeyEvent(uint8_t)	0	static
screenView.hpp:11:13:screenView::~screenView()	0	static
screenView.cpp:13:6:virtual void screenView::tearDownScreen()	0	static
screenView.cpp:8:6:virtual void screenView::setupScreen()	0	static
screenView.hpp:11:13:virtual screenView::~screenView()	8	static
screenView.cpp:3:1:screenView::screenView()	8	static
